2015-03-20 07:57:09	START	/medpop/srlab/slowikow/work/picardmetrics/data/project1/sample1/sample1.bam
2015-03-20 07:57:09	SortSam
2015-03-20 07:57:10	MarkDuplicates
2015-03-20 07:57:15	CollectMultipleMetrics
2015-03-20 07:58:01	CollectRnaSeqMetrics
2015-03-20 07:58:29	CollectGcBiasMetrics
2015-03-20 07:59:58	EstimateLibraryComplexity
2015-03-20 07:59:59	DONE	/medpop/srlab/slowikow/work/picardmetrics/data/project1/sample1/sample1.bam
2015-03-20 07:59:59	START	/medpop/srlab/slowikow/work/picardmetrics/data/project1/sample2/sample2.bam
2015-03-20 07:59:59	SortSam
2015-03-20 08:00:01	MarkDuplicates
2015-03-20 08:00:05	CollectMultipleMetrics
2015-03-20 08:00:55	CollectRnaSeqMetrics
2015-03-20 08:01:25	CollectGcBiasMetrics
2015-03-20 08:02:52	EstimateLibraryComplexity
2015-03-20 08:02:53	DONE	/medpop/srlab/slowikow/work/picardmetrics/data/project1/sample2/sample2.bam
