2015-06-09 08:41:36	START	test_default
2015-06-09 08:41:36	Loading '/PHShome/ks38/picardmetrics.conf'
2015-06-09 08:42:52	Loading '/PHShome/ks38/picardmetrics.conf'
out/default-all-metrics.tsv: OK
2015-06-09 08:44:08	START	test_rnaseq
2015-06-09 08:44:08	Loading '/PHShome/ks38/picardmetrics.conf'
2015-06-09 08:45:28	Loading '/PHShome/ks38/picardmetrics.conf'
out/rnaseq-all-metrics.tsv: OK
2015-06-09 08:46:56	DONE
